// Jest Snapshot v1, https://goo.gl/fbAQLP

exports[`Consistently renders search results 1`] = `
<div>
  <div
    id="search-results"
    tabIndex="0"
  >
    The search text matched 1 card names. Click on any card name to display the card.
  </div>
  <ul
    id="matchedCardList"
  >
    <li>
      <div
        className="matched-card-name"
        data={0}
        id="matchedCardName0"
        onClick={[Function]}
        tabIndex="0"
      >
        Card Name
      </div>
      <div
        className="card-overlay"
        id="cardOverlay0"
      >
        <div
          className="close-button"
          data={0}
          onClick={[Function]}
          tabIndex="0"
        >
          <span
            aria-label="close button"
            className="close-icon"
            role="button"
          >
            âŠ—
          </span>
        </div>
        <div
          className="flex-card-wrapper"
        >
          <div
            className="card-content"
          >
            <img
              alt="Elder Scrolls Card: Card Name"
              className="card-image"
              src="#"
              tabIndex="0"
            />
          </div>
          <div
            className="card-content card-text"
            data={0}
            tabIndex="0"
          >
            <div
              className="card-name"
            >
              Card Name
            </div>
            <div>
              <div
                className="flex-card-row"
              >
                <span
                  className="left-column"
                >
                  Type:
                </span>
                <span
                  className="right-column"
                >
                  Card Type
                </span>
              </div>
              <div
                className="flex-card-row"
              >
                <span
                  className="left-column"
                >
                  Set:
                </span>
                <span
                  className="right-column"
                >
                  Set Name
                </span>
              </div>
            </div>
            <div
              className="card-rules"
            >
              Card Text
            </div>
          </div>
        </div>
      </div>
    </li>
  </ul>
</div>
`;
